[htmx.org/index.html]
[backblue.gif]
[fade.gif]
[index.html]
[htmx.org/img/hypermedia-systems.png]
[htmx.org/css/site.css]
[htmx.org/js/htmx.js]
[htmx.org/atom.xml]
[htmx.org/js/class-tools.js]
[htmx.org/js/preload.js]
[htmx.org/js/_hyperscript.js]
[htmx.org/img/nuclei_logo_with_text.svg]
[htmx.org/reference/index.html]
[htmx.org/docs/index.html]
[htmx.org/examples/index.html]
[htmx.org/talk/index.html]
[htmx.org/essays/index.html]
[htmx.org/index.html]
[htmx.org/css/site.css]
[unpkg.com/htmx.org/dist/htmx.min.e.delayed]
[htmx.org/essays/a-real-world-react-to-htmx-port/index.html]
[htmx.org/attributes/hx-post/index.html]
[htmx.org/extensions/index.html]
[unpkg.com/htmx.org@1.9.4/dist/htmx.min.js]
[htmx.org/img/jetbrains.png]
[htmx.org/attributes/hx-swap/index.html]
[htmx.org/essays/hypermedia-driven-applications/index.html]
[htmx.org/img/commspace.svg]
[htmx.org/img/logo-craft-cms.svg]
[htmx.org/img/bss_bars.png]
[htmx.org/img/butter-cms.svg]
[htmx.org/img/topo.svg]
[htmx.org/attributes/hx-get/index.html]
[htmx.org/migration-guide/index.html]
[htmx.org/attributes/hx-put/index.html]
[htmx.org/attributes/hx-patch/index.html]
[htmx.org/attributes/hx-delete/index.html]
[htmx.org/examples/active-search/index.html]
[htmx.org/docs/index.html]
[htmx.org/attributes/hx-trigger/index.html]
[htmx.org/examples/progress-bar/index.html]
[htmx.org/attributes/hx-target/index.html]
[htmx.org/attributes/hx-indicator/index.html]
[htmx.org/extensions/alpine-morph/index.html]
[htmx.org/examples/animations/index.html]
[htmx.org/reference/index.html]
[htmx.org/examples/index.html]
[htmx.org/attributes/hx-sync/index.html]
[htmx.org/extensions/morphdom-swap/index.html]
[htmx.org/attributes/hx-swap-oob/index.html]
[htmx.org/attributes/hx-select/index.html]
[htmx.org/talk/index.html]
[htmx.org/attributes/hx-select-oob/index.html]
[htmx.org/attributes/hx-preserve/index.html]
[htmx.org/attributes/hx-params/index.html]
[htmx.org/attributes/hx-include/index.html]
[htmx.org/events/index.html]
[htmx.org/attributes/hx-encoding/index.html]
[htmx.org/attributes/hx-vals/index.html]
[htmx.org/img/memes/justusehtml.1f.delayed]
[htmx.org/img/memes/justusehtml.1f.delayed]
[htmx.org/attributes/hx-vars/index.html]
[htmx.org/attributes/hx-confirm/index.html]
[htmx.org/examples/confirm/index.html]
[htmx.org/img/memes/dbtohtml.2b.delayed]
[htmx.org/img/memes/dbtohtml.2b.delayed]
[htmx.org/attributes/hx-disinherit/index.html]
[htmx.org/attributes/hx-boost/index.html]
[htmx.org/extensions/server-sent-events/index.html]
[htmx.org/essays/index.html]
[htmx.org/extensions/index.html]
[htmx.org/essays/a-real-world-react-to-htmx-port/index.html]
[htmx.org/attributes/hx-ws/index.html]
[htmx.org/attributes/hx-push-url/index.html]
[htmx.org/extensions/web-sockets/index.html]
[htmx.org/attributes/hx-sse/index.html]
[htmx.org/attributes/hx-post/index.html]
[htmx.org/attributes/hx-history-elt/index.html]
[htmx.org/attributes/hx-history/index.html]
[htmx.org/attributes/hx-prompt/index.html]
[htmx.org/headers/hx-trigger/index.html]
[htmx.org/attributes/hx-swap/index.html]
[htmx.org/attributes/hx-validate/index.html]
[htmx.org/essays/hypermedia-driven-applications/index.html]
[htmx.org/attributes/hx-ext/index.html]
[htmx.org/extensions/json-enc/index.html]
[htmx.org/extensions/client-side-templates/index.html]
[htmx.org/img/nuclei_logo_with_text.svg]
[htmx.org/extensions/path-deps/index.html]
[htmx.org/extensions/class-tools/index.html]
[htmx.org/extensions/multi-swap/index.html]
[htmx.org/essays/hypermedia-friendly-scripting/index.html]
[htmx.org/essays/locality-of-behaviour/index.html]
[htmx.org/img/commspace.svg]
[htmx.org/attributes/hx-on/index.html]
[htmx.org/examples/sortable/index.html]
[htmx.org/img/logo-craft-cms.svg]
[htmx.org/attributes/hx-headers/index.html]
[htmx.org/attributes/hx-disable/index.html]
[htmx.org/img/butter-cms.svg]
[htmx.org/attributes/hx-replace-url/index.html]
[htmx.org/attributes/hx-request/index.html]
[htmx.org/img/topo.svg]
[htmx.org/headers/hx-location/index.html]
[htmx.org/headers/hx-push-url/index.html]
[htmx.org/headers/hx-replace-url/index.html]
[htmx.org/api/index.html]
[htmx.org/server-examples/index.html]
[htmx.org/examples/click-to-edit/index.html]
[htmx.org/migration-guide/index.html]
[htmx.org/examples/bulk-update/index.html]
[htmx.org/examples/click-to-load/index.html]
[htmx.org/examples/delete-row/index.html]
[htmx.org/attributes/hx-get/index.html]
[htmx.org/examples/edit-row/index.html]
[htmx.org/examples/infinite-scroll/index.html]
[htmx.org/attributes/hx-put/index.html]
[htmx.org/examples/lazy-load/index.html]
[htmx.org/examples/inline-validation/index.html]
[htmx.org/attributes/hx-patch/index.html]
[htmx.org/examples/value-select/index.html]
[htmx.org/examples/file-upload/index.html]
[htmx.org/examples/dialogs/index.html]
[htmx.org/attributes/hx-delete/index.html]
[htmx.org/examples/modal-uikit/index.html]
[htmx.org/examples/modal-custom/index.html]
[htmx.org/examples/modal-bootstrap/index.html]
[htmx.org/examples/tabs-hateoas/index.html]
[htmx.org/attributes/hx-trigger/index.html]
[htmx.org/examples/tabs-hyperscript/index.html]
[htmx.org/examples/keyboard-shortcuts/index.html]
[htmx.org/examples/update-other-content/index.html]
[htmx.org/migration-guide-hotwire-turbo/index.html]
[htmx.org/posts/2023-04-11-htmx-1-9-0-is-released/index.html]
[htmx.org/posts/2023-07-14-htmx-1-9-3-is-released/index.html]
[htmx.org/posts/2023-03-02-htmx-1-8-6-is-released/index.html]
[htmx.org/examples/active-search/index.html]
[htmx.org/examples/progress-bar/index.html]
[htmx.org/posts/2023-01-17-htmx-1-8-5-is-released/index.html]
[htmx.org/attributes/hx-indicator/index.html]
[htmx.org/posts/2022-11-04-htmx-1-8-3-is-released/index.html]
[htmx.org/posts/2022-10-11-htmx-1-8-1-is-released/index.html]
[htmx.org/posts/2022-07-12-htmx-1-8-0-is-released/index.html]
[htmx.org/posts/2022-02-22-htmx-1-7-0-is-released/index.html]
[htmx.org/attributes/hx-target/index.html]
[htmx.org/posts/2021-11-22-htmx-1-6-1-is-released/index.html]
[htmx.org/posts/2021-3-6-htmx-1-3-0-is-released/index.html]
[htmx.org/extensions/morphdom-swap/index.html]
[htmx.org/posts/2021-7-12-htmx-1-5-0-is-released/index.html]
[htmx.org/posts/2021-10-02-htmx-1-6-0-is-released/index.html]
[htmx.org/posts/2021-5-25-htmx-1-4-0-is-released/index.html]
[htmx.org/extensions/alpine-morph/index.html]
[htmx.org/posts/2021-2-13-htmx-1-2-0-is-released/index.html]
[htmx.org/posts/2021-1-6-htmx-1-1-0-is-released/index.html]
[htmx.org/posts/2020-11-24-htmx-1-0-0-is-released/index.html]
[htmx.org/examples/animations/index.html]
[htmx.org/posts/2020-9-30-htmx-0-2-0-is-released/index.html]
[htmx.org/posts/2020-11-16-htmx-0-4-0-is-released/index.html]
[htmx.org/posts/2020-10-27-htmx-0-3-0-is-released/index.html]
[htmx.org/attributes/hx-sync/index.html]
[htmx.org/posts/2020-9-18-htmx-0-1-0-is-released/index.html]
[htmx.org/attributes/hx-swap-oob/index.html]
[htmx.org/posts/2020-7-8-htmx-0-0-8-is-released/index.html]
[htmx.org/posts/2020-6-30-htmx-0-0-7-is-released/index.html]
[htmx.org/posts/2020-6-20-htmx-0-0-6-is-released/index.html]
[htmx.org/attributes/hx-select/index.html]
[htmx.org/posts/2020-5-24-htmx-0-0-4-is-released/index.html]
[htmx.org/posts/2020-5-17-kutty-er-htmx-0-0-3-is-released/index.html]
[htmx.org/attributes/hx-select-oob/index.html]
[htmx.org/essays/hateoas/index.html]
[htmx.org/essays/how-did-rest-come-to-mean-the-opposite-of-rest/index.html]
[htmx.org/posts/2020-5-15-kutty-0-0-1-is-released/index.html]
[htmx.org/attributes/hx-preserve/index.html]
[htmx.org/essays/two-approaches-to-decoupling/index.html]
[htmx.org/essays/splitting-your-apis/index.html]
[htmx.org/essays/hypermedia-apis-vs-data-apis/index.html]
[htmx.org/essays/hypermedia-clients/index.html]
[htmx.org/essays/rest-copypasta/index.html]
[htmx.org/attributes/hx-include/index.html]
[htmx.org/essays/hypermedia-on-whatever-youd-like/index.html]
[htmx.org/essays/when-to-use-hypermedia/index.html]
[htmx.org/essays/spa-alternative/index.html]
[htmx.org/attributes/hx-params/index.html]
[htmx.org/essays/a-response-to-rich-harris/index.html]
[htmx.org/events/index.html]
[htmx.org/essays/template-fragments/index.html]
[htmx.org/essays/10-tips-for-ssr-hda-apps/index.html]
[htmx.org/img/createdwith.jpg]
[htmx.org/attributes/hx-encoding/index.html]
[htmx.org/img/memes/original.png]
[htmx.org/img/memes/20yearold.png]
[htmx.org/attributes/hx-vals/index.html]
[htmx.org/essays/complexity-budget/index.html]
[htmx.org/attributes/hx-vars/index.html]
[htmx.org/essays/view-transitions/index.html]
[htmx.org/img/memes/whowillwin.png]
[htmx.org/img/memes/uarealldoingitwrong.png]
[htmx.org/img/memes/restapi.png]
[htmx.org/attributes/hx-confirm/index.html]
[htmx.org/examples/confirm/index.html]
[htmx.org/img/memes/istudiedhtml.png]
[htmx.org/attributes/hx-disinherit/index.html]
[htmx.org/img/memes/dontknowwhatclientsideroutingis.png]
[htmx.org/img/memes/htmlvsjson.png]
[htmx.org/img/memes/nocap.png]
[htmx.org/img/memes/ie11enjoyer.png]
[htmx.org/attributes/hx-boost/index.html]
[htmx.org/extensions/server-sent-events/index.html]
[htmx.org/img/memes/hydration.png]
[htmx.org/extensions/web-sockets/index.html]
[htmx.org/img/memes/viewsource.png]
[htmx.org/img/memes/javascripthistory.png]
[htmx.org/img/memes/bellcurve.png]
[htmx.org/attributes/hx-ws/index.html]
[htmx.org/img/memes/drakearchitecture.png]
[htmx.org/img/memes/feelbad.png]
[htmx.org/attributes/hx-sse/index.html]
[htmx.org/img/memes/bellcurve2.png]
[htmx.org/img/memes/normal.png]
[htmx.org/img/memes/frontenddevs.png]
[htmx.org/img/memes/drakememes.png]
[htmx.org/img/memes/fullstack.jpg]
[htmx.org/img/memes/htmxanddjango.png]
[htmx.org/img/memes/aye.png]
[htmx.org/attributes/hx-push-url/index.html]
[htmx.org/img/memes/extinction.png]
[htmx.org/attributes/hx-history-elt/index.html]
[htmx.org/extensions/ajax-header/index.html]
[htmx.org/extensions/debug/index.html]
[htmx.org/extensions/disable-element/index.html]
[htmx.org/attributes/hx-history/index.html]
[htmx.org/extensions/event-header/index.html]
[htmx.org/attributes/hx-prompt/index.html]
[htmx.org/extensions/head-support/index.html]
[htmx.org/extensions/include-vals/index.html]
[htmx.org/extensions/loading-states/index.html]
[htmx.org/extensions/method-override/index.html]
[htmx.org/extensions/preload/index.html]
[htmx.org/headers/hx-trigger/index.html]
[htmx.org/extensions/remove-me/index.html]
[htmx.org/extensions/restored/index.html]
[htmx.org/extensions/response-targets/index.html]
[htmx.org/attributes/hx-validate/index.html]
[htmx.org/attributes/hx-ext/index.html]
[htmx.org/extensions/json-enc/index.html]
[htmx.org/extensions/client-side-templates/index.html]
[htmx.org/extensions/path-deps/index.html]
[htmx.org/extensions/class-tools/index.html]
[htmx.org/extensions/multi-swap/index.html]
[htmx.org/essays/hypermedia-friendly-scripting/index.html]
[htmx.org/essays/locality-of-behaviour/index.html]
[htmx.org/attributes/hx-on/index.html]
[htmx.org/examples/sortable/index.html]
[htmx.org/js/demo.js]
[htmx.org/attributes/hx-disable/index.html]
[htmx.org/attributes/hx-headers/index.html]
[htmx.org/attributes/hx-replace-url/index.html]
[htmx.org/attributes/hx-request/index.html]
[htmx.org/headers/hx-location/index.html]
[htmx.org/headers/hx-push-url/index.html]
[htmx.org/headers/hx-replace-url/index.html]
[htmx.org/api/index.html]
[htmx.org/server-examples/index.html]
[htmx.org/examples/click-to-edit/index.html]
[htmx.org/examples/bulk-update/index.html]
[htmx.org/examples/click-to-load/index.html]
[htmx.org/img/bars.svg]
[htmx.org/examples/delete-row/index.html]
[htmx.org/examples/edit-row/index.html]
[htmx.org/examples/lazy-load/index.html]
[htmx.org/examples/inline-validation/index.html]
[htmx.org/examples/infinite-scroll/index.html]
[htmx.org/examples/value-select/index.html]
[htmx.org/examples/file-upload/index.html]
[htmx.org/examples/dialogs/index.html]
[htmx.org/examples/modal-uikit/index.html]
[htmx.org/examples/modal-bootstrap/index.html]
[cdnjs.cloudflare.com/ajax/libs/uikit/3.5.9/css/uikit-core.min.css]
[htmx.org/examples/modal-custom/index.html]
[htmx.org/examples/tabs-hateoas/index.html]
[htmx.org/examples/tabs-hyperscript/index.html]
[htmx.org/examples/keyboard-shortcuts/index.html]
[htmx.org/examples/update-other-content/index.html]
[htmx.org/migration-guide-hotwire-turbo/index.html]
[htmx.org/posts/2023-07-14-htmx-1-9-3-is-released/index.html]
[cdnjs.cloudflare.com/ajax/libs/twitter-bootstrap/4.5.2/css/bootstrap.min.css]
[cdn.jsdelivr.net/npm/sortablejs@latest/Sortable.min.js]
[unpkg.com/sinon@9.0.2/pkg/sinon.js]
[htmx.org/posts/2023-04-11-htmx-1-9-0-is-released/index.html]
[htmx.org/posts/2023-03-02-htmx-1-8-6-is-released/index.html]
[htmx.org/posts/2023-01-17-htmx-1-8-5-is-released/index.html]
[htmx.org/posts/2022-11-04-htmx-1-8-3-is-released/index.html]
[htmx.org/posts/2022-10-11-htmx-1-8-1-is-released/index.html]
[htmx.org/posts/2022-07-12-htmx-1-8-0-is-released/index.html]
[htmx.org/posts/2022-02-22-htmx-1-7-0-is-released/index.html]
[htmx.org/posts/2021-11-22-htmx-1-6-1-is-released/index.html]
[htmx.org/posts/2021-10-02-htmx-1-6-0-is-released/index.html]
[htmx.org/posts/2021-7-12-htmx-1-5-0-is-released/index.html]
[htmx.org/posts/2021-5-25-htmx-1-4-0-is-released/index.html]
[htmx.org/posts/2021-3-6-htmx-1-3-0-is-released/index.html]
[htmx.org/posts/2021-2-13-htmx-1-2-0-is-released/index.html]
[htmx.org/posts/2021-1-6-htmx-1-1-0-is-released/index.html]
[htmx.org/posts/2020-11-24-htmx-1-0-0-is-released/index.html]
[htmx.org/posts/2020-11-16-htmx-0-4-0-is-released/index.html]
[htmx.org/posts/2020-10-27-htmx-0-3-0-is-released/index.html]
[htmx.org/posts/2020-9-30-htmx-0-2-0-is-released/index.html]
[htmx.org/posts/2020-9-18-htmx-0-1-0-is-released/index.html]
[htmx.org/posts/2020-7-8-htmx-0-0-8-is-released/index.html]
[htmx.org/posts/2020-6-30-htmx-0-0-7-is-released/index.html]
[htmx.org/posts/2020-6-20-htmx-0-0-6-is-released/index.html]
[htmx.org/posts/2020-5-24-htmx-0-0-4-is-released/index.html]
[htmx.org/posts/2020-5-17-kutty-er-htmx-0-0-3-is-released/index.html]
[htmx.org/posts/2020-5-15-kutty-0-0-1-is-released/index.html]
[htmx.org/essays/hateoas/index.html]
[htmx.org/essays/how-did-rest-come-to-mean-the-opposite-of-rest/index.html]
[htmx.org/img/rmm.png]
[htmx.org/essays/two-approaches-to-decoupling/index.html]
[htmx.org/essays/hypermedia-apis-vs-data-apis/index.html]
[htmx.org/img/tap-the-sign.png]
[htmx.org/img/you-are-wrong.png]
[htmx.org/essays/splitting-your-apis/index.html]
[htmx.org/img/punished-fielding.png]
[htmx.org/essays/hypermedia-clients/index.html]
[htmx.org/essays/rest-copypasta/index.html]
[i.imgur.com/DpQ9YJl.png]
[htmx.org/img/creating-client.png]
[htmx.org/essays/hypermedia-on-whatever-youd-like/index.html]
[htmx.org/essays/a-response-to-rich-harris/index.html]
[htmx.org/essays/when-to-use-hypermedia/index.html]
[htmx.org/essays/spa-alternative/index.html]
[htmx.org/img/language-trends-so.png]
[htmx.org/img/howl-channels.png]
[htmx.org/img/js-the-good-parts.jpg]
[htmx.org/essays/10-tips-for-ssr-hda-apps/index.html]
[htmx.org/img/js-devs-be-thinking.png]
[htmx.org/img/nesting-example.png]
[htmx.org/img/what_if.png]
[htmx.org/essays/template-fragments/index.html]
[htmx.org/essays/view-transitions/index.html]
[htmx.org/essays/complexity-budget/index.html]
[htmx.org/extensions/ajax-header/index.html]
[htmx.org/extensions/debug/index.html]
[htmx.org/extensions/disable-element/index.html]
[htmx.org/extensions/event-header/index.html]
[htmx.org/extensions/head-support/index.html]
[htmx.org/extensions/include-vals/index.html]
[htmx.org/extensions/loading-states/index.html]
[htmx.org/extensions/method-override/index.html]
[htmx.org/extensions/preload/index.html]
[htmx.org/extensions/remove-me/index.html]
[htmx.org/extensions/response-targets/index.html]
[htmx.org/extensions/restored/index.html]
[htmx.org/img/bars.svg]
[htmx.org/contacts/index8199.html]
[cdnjs.cloudflare.com/ajax/libs/uikit/3.5.9/css/uikit-core.min.css]
[cdnjs.cloudflare.com/ajax/libs/twitter-bootstrap/4.5.2/css/bootstrap.min.css]
[htmx.org/essays/rest-explained/index.html]
[htmx.org/essays/rest-explained/index.html]
